Copyright 1986-2019 Xilinx, Inc. All Rights Reserved.
---------------------------------------------------------------------------------------------------
| Tool Version : Vivado v.2019.1 (win64) Build 2552052 Fri May 24 14:49:42 MDT 2019
| Date         : Tue Jan 18 22:21:44 2022
| Host         : Helios running 64-bit major release  (build 9200)
| Command      : report_control_sets -verbose -file cb4cled_design_wrapper_control_sets_placed.rpt
| Design       : cb4cled_design_wrapper
| Device       : xc7z020
---------------------------------------------------------------------------------------------------

Control Set Information

Table of Contents
-----------------
1. Summary
2. Histogram
3. Flip-Flop Distribution
4. Detailed Control Set Information

1. Summary
----------

+----------------------------------------------------------+-------+
|                          Status                          | Count |
+----------------------------------------------------------+-------+
| Total control sets                                       |    77 |
|    Minimum number of control sets                        |    77 |
|    Addition due to synthesis replication                 |     0 |
|    Addition due to physical synthesis replication        |     0 |
| Unused register locations in slices containing registers |   260 |
+----------------------------------------------------------+-------+
* Control sets can be merged at opt_design using control_set_merge or merge_equivalent_drivers
** Run report_qor_suggestions for automated merging and remapping suggestions


2. Histogram
------------

+--------------------+-------+
|       Fanout       | Count |
+--------------------+-------+
| Total control sets |    77 |
| >= 0 to < 4        |     2 |
| >= 4 to < 6        |    41 |
| >= 6 to < 8        |     1 |
| >= 8 to < 10       |     1 |
| >= 10 to < 12      |     1 |
| >= 12 to < 14      |     5 |
| >= 14 to < 16      |     2 |
| >= 16              |    24 |
+--------------------+-------+
* Control sets can be remapped at either synth_design or opt_design


3. Flip-Flop Distribution
-------------------------

+--------------+-----------------------+------------------------+-----------------+--------------+
| Clock Enable | Synchronous Set/Reset | Asynchronous Set/Reset | Total Registers | Total Slices |
+--------------+-----------------------+------------------------+-----------------+--------------+
| No           | No                    | No                     |             191 |           71 |
| No           | No                    | Yes                    |               2 |            1 |
| No           | Yes                   | No                     |             263 |           90 |
| Yes          | No                    | No                     |             473 |          124 |
| Yes          | No                    | Yes                    |               4 |            2 |
| Yes          | Yes                   | No                     |             143 |           47 |
+--------------+-----------------------+------------------------+-----------------+--------------+


4. Detailed Control Set Information
-----------------------------------

+-------------------------------------------------------+----------------------------------------------------------------------------------------------------------------------------------------------------------------------+-------------------------------------------------------------------------------------------------------------------------------------------------------------+------------------+----------------+
|                      Clock Signal                     |                                                                             Enable Signal                                                                            |                                                                       Set/Reset Signal                                                                      | Slice Load Count | Bel Load Count |
+-------------------------------------------------------+----------------------------------------------------------------------------------------------------------------------------------------------------------------------+-------------------------------------------------------------------------------------------------------------------------------------------------------------+------------------+----------------+
|  cb4cled_design_i/clk/U0/gpio_core_1/gpio_io_o[0]     |                                                                                                                                                                      | cb4cled_design_i/rst/U0/gpio_core_1/gpio_io_o[0]                                                                                                            |                1 |              2 |
|  cb4cled_design_i/processing_system7_0/inst/FCLK_CLK0 | cb4cled_design_i/ps7_0_axi_periph/s00_couplers/auto_pc/inst/gen_axilite.gen_b2s_conv.axilite_b2s/WR.b_channel_0/bid_fifo_0/bresp_push                                |                                                                                                                                                             |                1 |              2 |
|  cb4cled_design_i/clk/U0/gpio_core_1/gpio_io_o[0]     | cb4cled_design_i/CB4CLED_Top_0/U0/loadPulse_i/E[0]                                                                                                                   | cb4cled_design_i/rst/U0/gpio_core_1/gpio_io_o[0]                                                                                                            |                2 |              4 |
|  cb4cled_design_i/processing_system7_0/inst/FCLK_CLK0 | cb4cled_design_i/clk/U0/AXI_LITE_IPIF_I/I_SLAVE_ATTACHMENT/start2                                                                                                    | cb4cled_design_i/clk/U0/AXI_LITE_IPIF_I/I_SLAVE_ATTACHMENT/I_DECODER/cs_ce_clr                                                                              |                2 |              4 |
|  cb4cled_design_i/processing_system7_0/inst/FCLK_CLK0 |                                                                                                                                                                      | cb4cled_design_i/TC/U0/AXI_LITE_IPIF_I/I_SLAVE_ATTACHMENT/clear                                                                                             |                1 |              4 |
|  cb4cled_design_i/processing_system7_0/inst/FCLK_CLK0 | cb4cled_design_i/clk/U0/AXI_LITE_IPIF_I/I_SLAVE_ATTACHMENT/bus2ip_addr_i[8]_i_1_n_0                                                                                  | cb4cled_design_i/clk/U0/AXI_LITE_IPIF_I/I_SLAVE_ATTACHMENT/SS[0]                                                                                            |                1 |              4 |
|  cb4cled_design_i/processing_system7_0/inst/FCLK_CLK0 |                                                                                                                                                                      | cb4cled_design_i/loadDat/U0/AXI_LITE_IPIF_I/I_SLAVE_ATTACHMENT/clear                                                                                        |                1 |              4 |
|  cb4cled_design_i/processing_system7_0/inst/FCLK_CLK0 | cb4cled_design_i/ceo/U0/AXI_LITE_IPIF_I/I_SLAVE_ATTACHMENT/start2                                                                                                    | cb4cled_design_i/ceo/U0/AXI_LITE_IPIF_I/I_SLAVE_ATTACHMENT/I_DECODER/cs_ce_clr                                                                              |                1 |              4 |
|  cb4cled_design_i/processing_system7_0/inst/FCLK_CLK0 |                                                                                                                                                                      | cb4cled_design_i/loadDat/U0/gpio_core_1/Read_Reg_Rst__0                                                                                                     |                1 |              4 |
|  cb4cled_design_i/processing_system7_0/inst/FCLK_CLK0 |                                                                                                                                                                      | cb4cled_design_i/load/U0/AXI_LITE_IPIF_I/I_SLAVE_ATTACHMENT/clear                                                                                           |                1 |              4 |
|  cb4cled_design_i/processing_system7_0/inst/FCLK_CLK0 | cb4cled_design_i/up/U0/AXI_LITE_IPIF_I/I_SLAVE_ATTACHMENT/bus2ip_addr_i[8]_i_1_n_0                                                                                   | cb4cled_design_i/up/U0/AXI_LITE_IPIF_I/I_SLAVE_ATTACHMENT/SS[0]                                                                                             |                1 |              4 |
|  cb4cled_design_i/processing_system7_0/inst/FCLK_CLK0 |                                                                                                                                                                      | cb4cled_design_i/ce/U0/AXI_LITE_IPIF_I/I_SLAVE_ATTACHMENT/clear                                                                                             |                1 |              4 |
|  cb4cled_design_i/processing_system7_0/inst/FCLK_CLK0 | cb4cled_design_i/ceo/U0/AXI_LITE_IPIF_I/I_SLAVE_ATTACHMENT/bus2ip_addr_i[8]_i_1_n_0                                                                                  | cb4cled_design_i/ceo/U0/AXI_LITE_IPIF_I/I_SLAVE_ATTACHMENT/SS[0]                                                                                            |                1 |              4 |
|  cb4cled_design_i/processing_system7_0/inst/FCLK_CLK0 |                                                                                                                                                                      | cb4cled_design_i/up/U0/AXI_LITE_IPIF_I/I_SLAVE_ATTACHMENT/clear                                                                                             |                1 |              4 |
|  cb4cled_design_i/processing_system7_0/inst/FCLK_CLK0 | cb4cled_design_i/count/U0/AXI_LITE_IPIF_I/I_SLAVE_ATTACHMENT/start2                                                                                                  | cb4cled_design_i/count/U0/AXI_LITE_IPIF_I/I_SLAVE_ATTACHMENT/I_DECODER/cs_ce_clr                                                                            |                1 |              4 |
|  cb4cled_design_i/processing_system7_0/inst/FCLK_CLK0 | cb4cled_design_i/rst/U0/AXI_LITE_IPIF_I/I_SLAVE_ATTACHMENT/bus2ip_addr_i[8]_i_1_n_0                                                                                  | cb4cled_design_i/rst/U0/AXI_LITE_IPIF_I/I_SLAVE_ATTACHMENT/SS[0]                                                                                            |                1 |              4 |
|  cb4cled_design_i/processing_system7_0/inst/FCLK_CLK0 |                                                                                                                                                                      | cb4cled_design_i/proc_sys_reset_0/U0/EXT_LPF/lpf_int                                                                                                        |                1 |              4 |
|  cb4cled_design_i/processing_system7_0/inst/FCLK_CLK0 |                                                                                                                                                                      | cb4cled_design_i/count/U0/AXI_LITE_IPIF_I/I_SLAVE_ATTACHMENT/I_DECODER/bus2ip_rnw_i_reg_0                                                                   |                1 |              4 |
|  cb4cled_design_i/processing_system7_0/inst/FCLK_CLK0 |                                                                                                                                                                      | cb4cled_design_i/count/U0/AXI_LITE_IPIF_I/I_SLAVE_ATTACHMENT/clear                                                                                          |                1 |              4 |
|  cb4cled_design_i/processing_system7_0/inst/FCLK_CLK0 | cb4cled_design_i/count/U0/AXI_LITE_IPIF_I/I_SLAVE_ATTACHMENT/bus2ip_addr_i[8]_i_1_n_0                                                                                | cb4cled_design_i/count/U0/AXI_LITE_IPIF_I/I_SLAVE_ATTACHMENT/SR[0]                                                                                          |                2 |              4 |
|  cb4cled_design_i/processing_system7_0/inst/FCLK_CLK0 |                                                                                                                                                                      | cb4cled_design_i/ceo/U0/AXI_LITE_IPIF_I/I_SLAVE_ATTACHMENT/clear                                                                                            |                1 |              4 |
|  cb4cled_design_i/processing_system7_0/inst/FCLK_CLK0 | cb4cled_design_i/count/U0/AXI_LITE_IPIF_I/I_SLAVE_ATTACHMENT/I_DECODER/bus2ip_rnw_i_reg[0]                                                                           | cb4cled_design_i/count/U0/AXI_LITE_IPIF_I/I_SLAVE_ATTACHMENT/SR[0]                                                                                          |                1 |              4 |
|  cb4cled_design_i/processing_system7_0/inst/FCLK_CLK0 |                                                                                                                                                                      | cb4cled_design_i/clk/U0/AXI_LITE_IPIF_I/I_SLAVE_ATTACHMENT/clear                                                                                            |                1 |              4 |
|  cb4cled_design_i/processing_system7_0/inst/FCLK_CLK0 | cb4cled_design_i/rst/U0/AXI_LITE_IPIF_I/I_SLAVE_ATTACHMENT/start2                                                                                                    | cb4cled_design_i/rst/U0/AXI_LITE_IPIF_I/I_SLAVE_ATTACHMENT/I_DECODER/cs_ce_clr                                                                              |                2 |              4 |
|  cb4cled_design_i/processing_system7_0/inst/FCLK_CLK0 |                                                                                                                                                                      | cb4cled_design_i/rst/U0/AXI_LITE_IPIF_I/I_SLAVE_ATTACHMENT/clear                                                                                            |                1 |              4 |
|  cb4cled_design_i/processing_system7_0/inst/FCLK_CLK0 | cb4cled_design_i/up/U0/AXI_LITE_IPIF_I/I_SLAVE_ATTACHMENT/start2                                                                                                     | cb4cled_design_i/up/U0/AXI_LITE_IPIF_I/I_SLAVE_ATTACHMENT/I_DECODER/cs_ce_clr                                                                               |                2 |              4 |
|  cb4cled_design_i/processing_system7_0/inst/FCLK_CLK0 |                                                                                                                                                                      | cb4cled_design_i/ps7_0_axi_periph/s00_couplers/auto_pc/inst/gen_axilite.gen_b2s_conv.axilite_b2s/SI_REG/aw.aw_pipe/aresetn_d_reg[0]_0                       |                1 |              4 |
|  cb4cled_design_i/processing_system7_0/inst/FCLK_CLK0 |                                                                                                                                                                      | cb4cled_design_i/ps7_0_axi_periph/s00_couplers/auto_pc/inst/gen_axilite.gen_b2s_conv.axilite_b2s/SI_REG/ar.ar_pipe/aresetn_d_reg[1]_inv_0                   |                2 |              4 |
|  cb4cled_design_i/processing_system7_0/inst/FCLK_CLK0 | cb4cled_design_i/TC/U0/AXI_LITE_IPIF_I/I_SLAVE_ATTACHMENT/bus2ip_addr_i[8]_i_1_n_0                                                                                   | cb4cled_design_i/TC/U0/AXI_LITE_IPIF_I/I_SLAVE_ATTACHMENT/SS[0]                                                                                             |                1 |              4 |
|  cb4cled_design_i/processing_system7_0/inst/FCLK_CLK0 | cb4cled_design_i/TC/U0/AXI_LITE_IPIF_I/I_SLAVE_ATTACHMENT/start2                                                                                                     | cb4cled_design_i/TC/U0/AXI_LITE_IPIF_I/I_SLAVE_ATTACHMENT/I_DECODER/cs_ce_clr                                                                               |                1 |              4 |
|  cb4cled_design_i/processing_system7_0/inst/FCLK_CLK0 | cb4cled_design_i/loadDat/U0/AXI_LITE_IPIF_I/I_SLAVE_ATTACHMENT/bus2ip_addr_i[8]_i_1_n_0                                                                              | cb4cled_design_i/loadDat/U0/AXI_LITE_IPIF_I/I_SLAVE_ATTACHMENT/SR[0]                                                                                        |                1 |              4 |
|  cb4cled_design_i/processing_system7_0/inst/FCLK_CLK0 | cb4cled_design_i/loadDat/U0/AXI_LITE_IPIF_I/I_SLAVE_ATTACHMENT/start2                                                                                                | cb4cled_design_i/loadDat/U0/AXI_LITE_IPIF_I/I_SLAVE_ATTACHMENT/I_DECODER/cs_ce_clr                                                                          |                1 |              4 |
|  cb4cled_design_i/processing_system7_0/inst/FCLK_CLK0 | cb4cled_design_i/load/U0/AXI_LITE_IPIF_I/I_SLAVE_ATTACHMENT/bus2ip_addr_i[8]_i_1_n_0                                                                                 | cb4cled_design_i/load/U0/AXI_LITE_IPIF_I/I_SLAVE_ATTACHMENT/SS[0]                                                                                           |                1 |              4 |
|  cb4cled_design_i/processing_system7_0/inst/FCLK_CLK0 | cb4cled_design_i/load/U0/AXI_LITE_IPIF_I/I_SLAVE_ATTACHMENT/start2                                                                                                   | cb4cled_design_i/load/U0/AXI_LITE_IPIF_I/I_SLAVE_ATTACHMENT/I_DECODER/cs_ce_clr                                                                             |                1 |              4 |
|  cb4cled_design_i/processing_system7_0/inst/FCLK_CLK0 | cb4cled_design_i/loadDat/U0/AXI_LITE_IPIF_I/I_SLAVE_ATTACHMENT/I_DECODER/E[0]                                                                                        | cb4cled_design_i/loadDat/U0/AXI_LITE_IPIF_I/I_SLAVE_ATTACHMENT/SR[0]                                                                                        |                1 |              4 |
|  cb4cled_design_i/processing_system7_0/inst/FCLK_CLK0 | cb4cled_design_i/ce/U0/AXI_LITE_IPIF_I/I_SLAVE_ATTACHMENT/bus2ip_addr_i[8]_i_1_n_0                                                                                   | cb4cled_design_i/ce/U0/AXI_LITE_IPIF_I/I_SLAVE_ATTACHMENT/SS[0]                                                                                             |                1 |              4 |
|  cb4cled_design_i/processing_system7_0/inst/FCLK_CLK0 | cb4cled_design_i/ce/U0/AXI_LITE_IPIF_I/I_SLAVE_ATTACHMENT/start2                                                                                                     | cb4cled_design_i/ce/U0/AXI_LITE_IPIF_I/I_SLAVE_ATTACHMENT/I_DECODER/cs_ce_clr                                                                               |                1 |              4 |
|  cb4cled_design_i/processing_system7_0/inst/FCLK_CLK0 | cb4cled_design_i/count/U0/AXI_LITE_IPIF_I/I_SLAVE_ATTACHMENT/s_axi_rresp_i                                                                                           | cb4cled_design_i/count/U0/AXI_LITE_IPIF_I/I_SLAVE_ATTACHMENT/SR[0]                                                                                          |                4 |              5 |
|  cb4cled_design_i/processing_system7_0/inst/FCLK_CLK0 | cb4cled_design_i/loadDat/U0/AXI_LITE_IPIF_I/I_SLAVE_ATTACHMENT/s_axi_rresp_i                                                                                         | cb4cled_design_i/loadDat/U0/AXI_LITE_IPIF_I/I_SLAVE_ATTACHMENT/SR[0]                                                                                        |                2 |              5 |
|  cb4cled_design_i/processing_system7_0/inst/FCLK_CLK0 | cb4cled_design_i/ps7_0_axi_periph/s00_couplers/auto_pc/inst/gen_axilite.gen_b2s_conv.axilite_b2s/WR.aw_channel_0/aw_cmd_fsm_0/m_valid_i_reg_0                        | cb4cled_design_i/ps7_0_axi_periph/s00_couplers/auto_pc/inst/gen_axilite.gen_b2s_conv.axilite_b2s/WR.aw_channel_0/aw_cmd_fsm_0/m_valid_i_reg                 |                2 |              5 |
|  cb4cled_design_i/processing_system7_0/inst/FCLK_CLK0 | cb4cled_design_i/ps7_0_axi_periph/s00_couplers/auto_pc/inst/gen_axilite.gen_b2s_conv.axilite_b2s/RD.r_channel_0/transaction_fifo_0/cnt_read[4]_i_1__0_n_0            | cb4cled_design_i/ps7_0_axi_periph/s00_couplers/auto_pc/inst/gen_axilite.gen_b2s_conv.axilite_b2s/areset_d1                                                  |                2 |              5 |
|  cb4cled_design_i/processing_system7_0/inst/FCLK_CLK0 | cb4cled_design_i/ps7_0_axi_periph/s00_couplers/auto_pc/inst/gen_axilite.gen_b2s_conv.axilite_b2s/RD.ar_channel_0/ar_cmd_fsm_0/m_axi_arready_0                        | cb4cled_design_i/ps7_0_axi_periph/s00_couplers/auto_pc/inst/gen_axilite.gen_b2s_conv.axilite_b2s/RD.ar_channel_0/ar_cmd_fsm_0/FSM_sequential_state_reg[1]_0 |                2 |              5 |
|  cb4cled_design_i/processing_system7_0/inst/FCLK_CLK0 | cb4cled_design_i/ps7_0_axi_periph/s00_couplers/auto_pc/inst/gen_axilite.gen_b2s_conv.axilite_b2s/RD.r_channel_0/transaction_fifo_0/E[0]                              | cb4cled_design_i/ps7_0_axi_periph/s00_couplers/auto_pc/inst/gen_axilite.gen_b2s_conv.axilite_b2s/areset_d1                                                  |                2 |              5 |
|  cb4cled_design_i/processing_system7_0/inst/FCLK_CLK0 | cb4cled_design_i/proc_sys_reset_0/U0/SEQ/seq_cnt_en                                                                                                                  | cb4cled_design_i/proc_sys_reset_0/U0/SEQ/SEQ_COUNTER/clear                                                                                                  |                1 |              6 |
|  cb4cled_design_i/processing_system7_0/inst/FCLK_CLK0 | cb4cled_design_i/ps7_0_axi_periph/s00_couplers/auto_pc/inst/gen_axilite.gen_b2s_conv.axilite_b2s/WR.b_channel_0/mhandshake_r                                         | cb4cled_design_i/ps7_0_axi_periph/s00_couplers/auto_pc/inst/gen_axilite.gen_b2s_conv.axilite_b2s/WR.b_channel_0/bid_fifo_0/SR[0]                            |                2 |              8 |
|  cb4cled_design_i/processing_system7_0/inst/FCLK_CLK0 |                                                                                                                                                                      | cb4cled_design_i/ps7_0_axi_periph/s00_couplers/auto_pc/inst/gen_axilite.gen_b2s_conv.axilite_b2s/areset_d1                                                  |                5 |             10 |
|  cb4cled_design_i/processing_system7_0/inst/FCLK_CLK0 | cb4cled_design_i/ps7_0_axi_periph/s00_couplers/auto_pc/inst/gen_axilite.gen_b2s_conv.axilite_b2s/WR.aw_channel_0/aw_cmd_fsm_0/E[0]                                   |                                                                                                                                                             |                4 |             12 |
|  cb4cled_design_i/processing_system7_0/inst/FCLK_CLK0 | cb4cled_design_i/ps7_0_axi_periph/s00_couplers/auto_pc/inst/gen_axilite.gen_b2s_conv.axilite_b2s/WR.aw_channel_0/cmd_translator_0/incr_cmd_0/axaddr_incr[11]_i_1_n_0 |                                                                                                                                                             |                2 |             12 |
|  cb4cled_design_i/processing_system7_0/inst/FCLK_CLK0 | cb4cled_design_i/ps7_0_axi_periph/s00_couplers/auto_pc/inst/gen_axilite.gen_b2s_conv.axilite_b2s/RD.ar_channel_0/ar_cmd_fsm_0/E[0]                                   |                                                                                                                                                             |                6 |             12 |
|  cb4cled_design_i/processing_system7_0/inst/FCLK_CLK0 | cb4cled_design_i/ps7_0_axi_periph/s00_couplers/auto_pc/inst/gen_axilite.gen_b2s_conv.axilite_b2s/RD.ar_channel_0/ar_cmd_fsm_0/sel_first_reg[0]                       |                                                                                                                                                             |                2 |             12 |
|  cb4cled_design_i/processing_system7_0/inst/FCLK_CLK0 | cb4cled_design_i/ps7_0_axi_periph/s00_couplers/auto_pc/inst/gen_axilite.gen_b2s_conv.axilite_b2s/RD.r_channel_0/r_push_r                                             |                                                                                                                                                             |                4 |             13 |
|  cb4cled_design_i/processing_system7_0/inst/FCLK_CLK0 | cb4cled_design_i/ps7_0_axi_periph/s00_couplers/auto_pc/inst/gen_axilite.gen_b2s_conv.axilite_b2s/SI_REG/b.b_pipe/s_ready_i_reg_0                                     |                                                                                                                                                             |                2 |             14 |
|  cb4cled_design_i/processing_system7_0/inst/FCLK_CLK0 | cb4cled_design_i/ps7_0_axi_periph/s00_couplers/auto_pc/inst/gen_axilite.gen_b2s_conv.axilite_b2s/SI_REG/b.b_pipe/p_1_in                                              |                                                                                                                                                             |                2 |             14 |
|  cb4cled_design_i/processing_system7_0/inst/FCLK_CLK0 | cb4cled_design_i/ps7_0_axi_periph/s00_couplers/auto_pc/inst/gen_axilite.gen_b2s_conv.axilite_b2s/WR.aw_channel_0/aw_cmd_fsm_0/b_push                                 |                                                                                                                                                             |                3 |             16 |
|  cb4cled_design_i/processing_system7_0/inst/FCLK_CLK0 |                                                                                                                                                                      | cb4cled_design_i/ps7_0_axi_periph/xbar/inst/gen_sasd.crossbar_sasd_0/addr_arbiter_inst/SR[0]                                                                |                8 |             17 |
|  cb4cled_design_i/processing_system7_0/inst/FCLK_CLK0 | cb4cled_design_i/ps7_0_axi_periph/xbar/inst/gen_sasd.crossbar_sasd_0/addr_arbiter_inst/p_0_in1_in                                                                    | cb4cled_design_i/ps7_0_axi_periph/xbar/inst/gen_sasd.crossbar_sasd_0/addr_arbiter_inst/SR[0]                                                                |                6 |             19 |
|  cb4cled_design_i/processing_system7_0/inst/FCLK_CLK0 |                                                                                                                                                                      | cb4cled_design_i/clk/U0/AXI_LITE_IPIF_I/I_SLAVE_ATTACHMENT/SS[0]                                                                                            |                7 |             20 |
|  cb4cled_design_i/processing_system7_0/inst/FCLK_CLK0 |                                                                                                                                                                      | cb4cled_design_i/ceo/U0/AXI_LITE_IPIF_I/I_SLAVE_ATTACHMENT/SS[0]                                                                                            |                7 |             20 |
|  cb4cled_design_i/processing_system7_0/inst/FCLK_CLK0 |                                                                                                                                                                      | cb4cled_design_i/count/U0/AXI_LITE_IPIF_I/I_SLAVE_ATTACHMENT/SR[0]                                                                                          |                8 |             20 |
|  cb4cled_design_i/processing_system7_0/inst/FCLK_CLK0 |                                                                                                                                                                      | cb4cled_design_i/up/U0/AXI_LITE_IPIF_I/I_SLAVE_ATTACHMENT/SS[0]                                                                                             |                5 |             20 |
|  cb4cled_design_i/processing_system7_0/inst/FCLK_CLK0 |                                                                                                                                                                      | cb4cled_design_i/ce/U0/AXI_LITE_IPIF_I/I_SLAVE_ATTACHMENT/SS[0]                                                                                             |                7 |             20 |
|  cb4cled_design_i/processing_system7_0/inst/FCLK_CLK0 |                                                                                                                                                                      | cb4cled_design_i/loadDat/U0/AXI_LITE_IPIF_I/I_SLAVE_ATTACHMENT/SR[0]                                                                                        |                7 |             20 |
|  cb4cled_design_i/processing_system7_0/inst/FCLK_CLK0 |                                                                                                                                                                      | cb4cled_design_i/load/U0/AXI_LITE_IPIF_I/I_SLAVE_ATTACHMENT/SS[0]                                                                                           |                7 |             20 |
|  cb4cled_design_i/processing_system7_0/inst/FCLK_CLK0 |                                                                                                                                                                      | cb4cled_design_i/TC/U0/AXI_LITE_IPIF_I/I_SLAVE_ATTACHMENT/SS[0]                                                                                             |                7 |             20 |
|  cb4cled_design_i/processing_system7_0/inst/FCLK_CLK0 |                                                                                                                                                                      | cb4cled_design_i/rst/U0/AXI_LITE_IPIF_I/I_SLAVE_ATTACHMENT/SS[0]                                                                                            |                7 |             20 |
|  cb4cled_design_i/processing_system7_0/inst/FCLK_CLK0 | cb4cled_design_i/ps7_0_axi_periph/s00_couplers/auto_pc/inst/gen_axilite.gen_b2s_conv.axilite_b2s/WR.aw_channel_0/aw_cmd_fsm_0/m_valid_i_reg_0                        |                                                                                                                                                             |                8 |             21 |
|  cb4cled_design_i/processing_system7_0/inst/FCLK_CLK0 | cb4cled_design_i/ps7_0_axi_periph/s00_couplers/auto_pc/inst/gen_axilite.gen_b2s_conv.axilite_b2s/RD.ar_channel_0/ar_cmd_fsm_0/m_axi_arready_0                        |                                                                                                                                                             |                8 |             21 |
|  cb4cled_design_i/processing_system7_0/inst/FCLK_CLK0 | cb4cled_design_i/ps7_0_axi_periph/xbar/inst/gen_sasd.crossbar_sasd_0/reg_slice_r/aa_rready                                                                           |                                                                                                                                                             |               17 |             34 |
|  cb4cled_design_i/processing_system7_0/inst/FCLK_CLK0 | cb4cled_design_i/ps7_0_axi_periph/s00_couplers/auto_pc/inst/gen_axilite.gen_b2s_conv.axilite_b2s/RD.r_channel_0/rd_data_fifo_0/wr_en0                                |                                                                                                                                                             |                9 |             34 |
|  cb4cled_design_i/processing_system7_0/inst/FCLK_CLK0 | cb4cled_design_i/ps7_0_axi_periph/xbar/inst/gen_sasd.crossbar_sasd_0/addr_arbiter_inst/E[0]                                                                          |                                                                                                                                                             |               13 |             35 |
|  cb4cled_design_i/processing_system7_0/inst/FCLK_CLK0 | cb4cled_design_i/ps7_0_axi_periph/s00_couplers/auto_pc/inst/gen_axilite.gen_b2s_conv.axilite_b2s/SI_REG/r.r_pipe/p_1_in                                              |                                                                                                                                                             |               10 |             47 |
|  cb4cled_design_i/processing_system7_0/inst/FCLK_CLK0 | cb4cled_design_i/ps7_0_axi_periph/s00_couplers/auto_pc/inst/gen_axilite.gen_b2s_conv.axilite_b2s/SI_REG/r.r_pipe/s_ready_i_reg_0                                     |                                                                                                                                                             |               11 |             47 |
|  cb4cled_design_i/processing_system7_0/inst/FCLK_CLK0 | cb4cled_design_i/ps7_0_axi_periph/s00_couplers/auto_pc/inst/gen_axilite.gen_b2s_conv.axilite_b2s/WR.aw_channel_0/aw_cmd_fsm_0/m_valid_i_reg_1[0]                     |                                                                                                                                                             |                9 |             48 |
|  cb4cled_design_i/processing_system7_0/inst/FCLK_CLK0 | cb4cled_design_i/ps7_0_axi_periph/s00_couplers/auto_pc/inst/gen_axilite.gen_b2s_conv.axilite_b2s/SI_REG/ar.ar_pipe/s_ready_i_reg_0                                   |                                                                                                                                                             |               12 |             48 |
|  cb4cled_design_i/processing_system7_0/inst/FCLK_CLK0 | cb4cled_design_i/ps7_0_axi_periph/s00_couplers/auto_pc/inst/gen_axilite.gen_b2s_conv.axilite_b2s/SI_REG/aw.aw_pipe/s_ready_i_reg_0                                   |                                                                                                                                                             |                9 |             48 |
|  cb4cled_design_i/processing_system7_0/inst/FCLK_CLK0 | cb4cled_design_i/ps7_0_axi_periph/s00_couplers/auto_pc/inst/gen_axilite.gen_b2s_conv.axilite_b2s/RD.ar_channel_0/ar_cmd_fsm_0/FSM_sequential_state_reg[1]_1[0]       |                                                                                                                                                             |                9 |             48 |
|  cb4cled_design_i/processing_system7_0/inst/FCLK_CLK0 |                                                                                                                                                                      |                                                                                                                                                             |               72 |            192 |
+-------------------------------------------------------+----------------------------------------------------------------------------------------------------------------------------------------------------------------------+-------------------------------------------------------------------------------------------------------------------------------------------------------------+------------------+----------------+


