#-----------------------------------------------------------
# Vivado v2019.1 (64-bit)
# SW Build 2552052 on Fri May 24 14:49:42 MDT 2019
# IP Build 2548770 on Fri May 24 18:01:18 MDT 2019
# Start of session at: Wed Jan 12 23:00:55 2022
# Process ID: 14016
# Current directory: C:/2022/courses/ee590/project/CB4CLED/vhdl/xilinxprj
# Command line: vivado.exe -gui_launcher_event rodinguilauncherevent14468 C:\2022\courses\ee590\project\CB4CLED\vhdl\xilinxprj\CB4CLED_Top.xpr
# Log file: C:/2022/courses/ee590/project/CB4CLED/vhdl/xilinxprj/vivado.log
# Journal file: C:/2022/courses/ee590/project/CB4CLED/vhdl/xilinxprj\vivado.jou
#-----------------------------------------------------------
start_gui
open_project C:/2022/courses/ee590/project/CB4CLED/vhdl/xilinxprj/CB4CLED_Top.xpr
update_compile_order -fileset sources_1
launch_simulation
open_wave_config C:/2022/courses/ee590/project/CB4CLED/vhdl/xilinxprj/simulation/CB4CLED_TB_behav.wcfg
source CB4CLED_Top_TB.tcl
save_wave_config {C:/2022/courses/ee590/project/CB4CLED/vhdl/xilinxprj/simulation/CB4CLED_Top_TB_behav.wcfg}
add_files -fileset sim_1 -norecurse C:/2022/courses/ee590/project/CB4CLED/vhdl/xilinxprj/simulation/CB4CLED_Top_TB_behav.wcfg
set_property xsim.view C:/2022/courses/ee590/project/CB4CLED/vhdl/xilinxprj/simulation/CB4CLED_Top_TB_behav.wcfg [get_filesets sim_1]
close_sim
