#-----------------------------------------------------------
# Vivado v2019.1 (64-bit)
# SW Build 2552052 on Fri May 24 14:49:42 MDT 2019
# IP Build 2548770 on Fri May 24 18:01:18 MDT 2019
# Start of session at: Wed Oct 18 17:23:18 2023
# Process ID: 15996
# Current directory: C:/2023/HDLGenTop/myFiles/HDLGen-ChatGPT/User_Projects/RISCV/RISCV_RB/VHDL/AMDprj
# Command line: vivado.exe -gui_launcher_event rodinguilauncherevent23628 C:\2023\HDLGenTop\myFiles\HDLGen-ChatGPT\User_Projects\RISCV\RISCV_RB\VHDL\AMDprj\RISCV_RB.xpr
# Log file: C:/2023/HDLGenTop/myFiles/HDLGen-ChatGPT/User_Projects/RISCV/RISCV_RB/VHDL/AMDprj/vivado.log
# Journal file: C:/2023/HDLGenTop/myFiles/HDLGen-ChatGPT/User_Projects/RISCV/RISCV_RB/VHDL/AMDprj\vivado.jou
#-----------------------------------------------------------
start_gui
open_project C:/2023/HDLGenTop/myFiles/HDLGen-ChatGPT/User_Projects/RISCV/RISCV_RB/VHDL/AMDprj/RISCV_RB.xpr
update_compile_order -fileset sources_1
launch_simulation
open_wave_config C:/2023/HDLGenTop/myFiles/HDLGen-ChatGPT/User_Projects/RISCV/RISCV_RB/VHDL/AMDPrj/RISCV_RB_TB_behav.wcfg
source RISCV_RB_TB.tcl
relaunch_sim
relaunch_sim
save_wave_config {C:/2023/HDLGenTop/myFiles/HDLGen-ChatGPT/User_Projects/RISCV/RISCV_RB/VHDL/AMDPrj/RISCV_RB_TB_behav.wcfg}
relaunch_sim
relaunch_sim
relaunch_sim
